2025-06-09 19:02:15 [main] INFO  com.cafuc.icfb.ICFBApplication - Starting ICFBApplication using Java 17.0.12 with PID 3420 (E:\Code\Python_lizon\ICFB\target\classes started by 29035 in E:\Code\Python_lizon\ICFB)
2025-06-09 19:02:15 [main] INFO  com.cafuc.icfb.ICFBApplication - The following 1 profile is active: "dev"
2025-06-09 19:02:16 [main] INFO  o.s.d.r.c.RepositoryConfigurationDelegate - Multiple Spring Data modules found, entering strict repository configuration mode
2025-06-09 19:02:16 [main] INFO  o.s.d.r.c.RepositoryConfigurationDelegate - Bootstrapping Spring Data Redis repositories in DEFAULT mode.
2025-06-09 19:02:16 [main] INFO  o.s.d.r.c.RepositoryConfigurationDelegate - Finished Spring Data repository scanning in 6 ms. Found 0 Redis repository interfaces.
2025-06-09 19:02:17 [main] INFO  o.s.b.w.e.tomcat.TomcatWebServer - Tomcat initialized with port 8080 (http)
2025-06-09 19:02:17 [main] INFO  o.a.c.core.AprLifecycleListener - Loaded Apache Tomcat Native library [2.0.8] using APR version [1.7.4].
2025-06-09 19:02:17 [main] INFO  o.a.c.core.AprLifecycleListener - OpenSSL successfully initialized [OpenSSL 3.0.14 4 Jun 2024]
2025-06-09 19:02:17 [main] INFO  o.a.catalina.core.StandardService - Starting service [Tomcat]
2025-06-09 19:02:17 [main] INFO  o.a.catalina.core.StandardEngine - Starting Servlet engine: [Apache Tomcat/10.1.34]
2025-06-09 19:02:17 [main] INFO  o.a.c.c.C.[Tomcat].[localhost].[/] - Initializing Spring embedded WebApplicationContext
2025-06-09 19:02:17 [main] INFO  o.s.b.w.s.c.ServletWebServerApplicationContext - Root WebApplicationContext: initialization completed in 1445 ms
2025-06-09 19:02:17 [main] ERROR c.b.m.core.MybatisConfiguration - mapper[com.cafuc.icfb.DAO.UserDao.getUserList] is ignored, because it exists, maybe from xml file
2025-06-09 19:02:17 [main] ERROR c.b.m.core.MybatisConfiguration - mapper[com.cafuc.icfb.DAO.UserDao.getUserByUaP] is ignored, because it exists, maybe from xml file
2025-06-09 19:02:17 [main] INFO  o.s.b.f.a.AutowiredAnnotationBeanPostProcessor - Autowired annotation is not supported on static fields: private static final org.slf4j.Logger com.cafuc.icfb.Interceptor.IpInterceptor.logger
2025-06-09 19:02:18 [main] DEBUG o.s.w.s.m.m.a.RequestMappingHandlerMapping - 18 mappings in 'requestMappingHandlerMapping'
2025-06-09 19:02:18 [main] DEBUG o.s.w.s.h.SimpleUrlHandlerMapping - Patterns [/webjars/**, /static/**] in 'resourceHandlerMapping'
2025-06-09 19:02:18 [main] DEBUG o.s.w.s.m.m.a.RequestMappingHandlerAdapter - ControllerAdvice beans: 0 @ModelAttribute, 0 @InitBinder, 1 RequestBodyAdvice, 1 ResponseBodyAdvice
2025-06-09 19:02:18 [main] DEBUG o.s.w.s.m.m.a.ExceptionHandlerExceptionResolver - ControllerAdvice beans: 0 @ExceptionHandler, 1 ResponseBodyAdvice
2025-06-09 19:02:19 [main] DEBUG o.s.w.s.v.f.FreeMarkerConfigurer - Template loader path [class path resource [templates/]] resolved to file path [E:\Code\Python_lizon\ICFB\target\classes\templates]
2025-06-09 19:02:19 [main] INFO  o.s.b.w.e.tomcat.TomcatWebServer - Tomcat started on port 8080 (http) with context path '/'
2025-06-09 19:02:19 [main] INFO  com.cafuc.icfb.ICFBApplication - Started ICFBApplication in 4.044 seconds (process running for 4.84)
2025-06-09 19:05:29 [SpringApplicationShutdownHook] INFO  o.s.b.w.e.tomcat.GracefulShutdown - Commencing graceful shutdown. Waiting for active requests to complete
2025-06-09 19:05:29 [tomcat-shutdown] INFO  o.s.b.w.e.tomcat.GracefulShutdown - Graceful shutdown complete
